
📁 Encoding input files...
   Encoding ref_image.jpeg (1.9 MB)...
   Encoding ref_video.mp4 (4.0 MB)...

============================================================
🖼️  Image:    reference_input/ref_image.jpeg
🎬 Video:    reference_input/ref_video.mp4
🎯 Endpoint: vmeviwdmth79mz
💾 Output:   reference_input/output.mp4
============================================================

📤 Submitting job (7.8 MB payload)...
   ✅ Job submitted: dad61bb6-15bd-4018-a03c-efbf78103d76-e1
   [   0.2s] Status: IN_QUEUE
   [   5.3s] Status: FAILED

❌ Job FAILED after 5.3s
   Error: Workflow validation failed:
• Node 90 (errors): [{'type': 'value_not_in_list', 'message': 'Value not in list', 'details': "vitpose_model: 'vitpose_h_wholebody_model.onnx' not in []", 'extra_info': {'input_name': 'vitpose_model', 'input_config': [[], {'tooltip': "These models are loaded from the 'ComfyUI/models/detection' -folder"}], 'received_value': 'vitpose_h_wholebody_model.onnx'}}, {'type': 'value_not_in_list', 'message': 'Value not in list', 'details': "yolo_model: 'yolov10m.onnx' not in []", 'extra_info': {'input_name': 'yolo_model', 'input_config': [[], {'tooltip': "These models are loaded from the 'ComfyUI/models/detection' -folder"}], 'received_value': 'yolov10m.onnx'}}]
• Node 90 (dependent_outputs): ['505', '319']
• Node 90 (class_type): OnnxDetectionModelLoader
